START-OF-LOG: 2.0
CREATED-BY: Win-Test 4.42.0
CONTEST: RSGB-IOTA
CALLSIGN: 9A5D/P
CATEGORY: MULTI-ONE ALL LOW MIXED
CATEGORY-ASSISTED: UNASSISTED
CATEGORY-DXPEDITION: DXPEDITION
CATEGORY-TIME: 24-HOURS
IOTA-ISLAND-NAME: [9A] Dalmatia South group
CLAIMED-SCORE: 10215750
OPERATORS: 
NAME: Radioklub Dubrovnik
ADDRESS: B. Bogisica 14
ADDRESS: HR-20000 Dubrovnik
ADDRESS: CROAIA
ADDRESS: 
SOAPBOX: 
QSO: 21015 CW 2026-07-25 1201 9A5D/P        599 0001 EU-016 UR4CU         599 0002 ------ 0
QSO: 21015 CW 2026-07-25 1201 9A5D/P        599 0002 EU-016 UZ7E          599 0002 ------ 0
QSO: 21015 CW 2026-07-25 1201 9A5D/P        599 0003 EU-016 UN8PT         599 0003 ------ 0
QSO: 14025 CW 2026-07-25 1202 9A5D/P        599 0004 EU-016 TK/IK1BPL     599 0003 EU-014 1
QSO: 21015 CW 2026-07-25 1202 9A5D/P        599 0004 EU-016 PA3AAV        599 0002 ------ 0
QSO: 21015 CW 2026-07-25 1202 9A5D/P        599 0005 EU-016 YL1YF         599 0001 ------ 0
QSO: 21015 CW 2026-07-25 1203 9A5D/P        599 0006 EU-016 G4AFF         599 0005 EU-005 0
QSO: 14017 CW 2026-07-25 1216 9A5D/P        599 0006 EU-016 M0RYB         599 0010 EU-005 1
QSO: 21015 CW 2026-07-25 1216 9A5D/P        599 0009 EU-016 UR5CC         599 0005 ------ 0
QSO: 14023 CW 2026-07-25 1216 9A5D/P        599 0008 EU-016 OV3W          599 0044 EU-172 1
QSO: 14033 CW 2026-07-25 1218 9A5D/P        599 0010 EU-016 GM7A          599 0038 EU-008 1
QSO: 14026 CW 2026-07-25 1219 9A5D/P        599 0012 EU-016 MI5I          599 0039 EU-115 1
QSO: 21015 CW 2026-07-25 1219 9A5D/P        599 0011 EU-016 FY5KE         599 0010 ------ 0
QSO: 21015 CW 2026-07-25 1220 9A5D/P        599 0013 EU-016 K1ZZ          599 0021 ------ 0
QSO: 14040 CW 2026-07-25 1220 9A5D/P        599 0014 EU-016 LB5WB         599 0018 EU-055 1
QSO: 14281 PH 2026-07-25 1222 9A5D/P        59  0016 EU-016 EI7M          59  0156 EU-115 1
QSO: 14286 PH 2026-07-25 1223 9A5D/P        59  0018 EU-016 G7M           59  0039 EU-005 1
QSO: 28033 CW 2026-07-25 1223 9A5D/P        599 0015 EU-016 OG3B          599 0050 ------ 0
QSO: 14232 PH 2026-07-25 1224 9A5D/P        59  0020 EU-016 G0WRS         59  0021 EU-005 1
QSO: 28033 CW 2026-07-25 1225 9A5D/P        599 0017 EU-016 SM5/UY5OO     599 0008 ------ 0
QSO: 21022 CW 2026-07-25 1230 9A5D/P        599 0022 EU-016 TF3W          599 0066 EU-021 1
QSO: 14233 PH 2026-07-25 1232 9A5D/P        59  0021 EU-016 G3XAH         59  0007 EU-005 0
QSO: 14233 PH 2026-07-25 1232 9A5D/P        59  0023 EU-016 G0H/P         59  0004 EU-005 0
QSO: 14233 PH 2026-07-25 1233 9A5D/P        59  0025 EU-016 M6N           59  0052 EU-005 0
QSO: 28002 CW 2026-07-25 1233 9A5D/P        599 0024 EU-016 SD1A          599 0067 EU-020 1
QSO: 14232 PH 2026-07-25 1233 9A5D/P        59  0027 EU-016 DM7WB         59  0008 ------ 0
QSO: 14232 PH 2026-07-25 1234 9A5D/P        59  0029 EU-016 M9LIN         59  0003 EU-005 0
QSO: 14232 PH 2026-07-25 1234 9A5D/P        59  0031 EU-016 UZ7C          59  0064 ------ 0
QSO: 14232 PH 2026-07-25 1235 9A5D/P        59  0033 EU-016 ON6VOX        59  0002 ------ 0
QSO: 14232 PH 2026-07-25 1236 9A5D/P        59  0035 EU-016 G2L           59  0016 EU-005 0
QSO: 14232 PH 2026-07-25 1236 9A5D/P        59  0037 EU-016 SQ5EF         59  0014 ------ 0
QSO: 14232 PH 2026-07-25 1237 9A5D/P        59  0039 EU-016 DL7UMA        59  0010 ------ 0
QSO: 21025 CW 2026-07-25 1237 9A5D/P        599 0026 EU-016 KP2M          599 0087 NA-106 1
QSO: 14232 PH 2026-07-25 1237 9A5D/P        59  0041 EU-016 M0XX          59  0058 EU-005 0
QSO: 21020 CW 2026-07-25 1237 9A5D/P        599 0028 EU-016 P3X           599 0154 AS-004 1
QSO: 14232 PH 2026-07-25 1238 9A5D/P        59  0043 EU-016 DG0LFG        59  0010 ------ 0
QSO: 21027 CW 2026-07-25 1239 9A5D/P        599 0030 EU-016 WP4TZ         599 0035 NA-099 1
QSO: 14232 PH 2026-07-25 1240 9A5D/P        59  0045 EU-016 G6AD          59  0041 EU-005 0
QSO: 21036 CW 2026-07-25 1240 9A5D/P        599 0032 EU-016 VP2MAA        599 0039 NA-103 1
QSO: 14232 PH 2026-07-25 1241 9A5D/P        59  0047 EU-016 PA/DM6AT      59  0009 ------ 0
QSO: 21041 CW 2026-07-25 1241 9A5D/P        599 0034 EU-016 CT3KN         599 0105 AF-014 1
QSO: 14232 PH 2026-07-25 1241 9A5D/P        59  0049 EU-016 M1N           59  0024 EU-005 0
QSO: 14232 PH 2026-07-25 1242 9A5D/P        59  0051 EU-016 F4HWS         59  0019 ------ 0
QSO: 21037 CW 2026-07-25 1242 9A5D/P        599 0036 EU-016 JH7QXJ        599 0033 AS-007 1
QSO: 21236 PH 2026-07-25 1243 9A5D/P        59  0038 EU-016 EJ9MV         59  0084 EU-121 1
QSO: 14232 PH 2026-07-25 1244 9A5D/P        59  0053 EU-016 F4NBH/P       59  0006 ------ 0
QSO: 14232 PH 2026-07-25 1244 9A5D/P        59  0055 EU-016 UT0UG         59  0007 ------ 0
QSO: 14232 PH 2026-07-25 1244 9A5D/P        59  0057 EU-016 G4NVY         59  0005 EU-005 0
QSO: 14232 PH 2026-07-25 1245 9A5D/P        59  0059 EU-016 RW3WW/1       59  0004 ------ 0
QSO: 14232 PH 2026-07-25 1245 9A5D/P        59  0061 EU-016 G4POF         59  0015 EU-005 0
QSO: 14232 PH 2026-07-25 1246 9A5D/P        59  0063 EU-016 OO4M          59  0026 ------ 0
QSO: 14232 PH 2026-07-25 1246 9A5D/P        59  0065 EU-016 G1MXD/P       59  0002 EU-005 0
QSO: 14232 PH 2026-07-25 1248 9A5D/P        59  0067 EU-016 LB6BK/MM      59  0001 ------ 0
QSO: 14232 PH 2026-07-25 1248 9A5D/P        59  0069 EU-016 G2AA          59  0027 EU-005 0
QSO: 14232 PH 2026-07-25 1250 9A5D/P        59  0071 EU-016 G8ZRE         59  0006 EU-005 0
QSO: 21032 CW 2026-07-25 1250 9A5D/P        599 0040 EU-016 BY7KP         599 0015 AS-131 1
QSO: 21227 PH 2026-07-25 1250 9A5D/P        59  0042 EU-016 EA8BW         59  0104 AF-004 1
QSO: 21240 PH 2026-07-25 1251 9A5D/P        59  0044 EU-016 CR5IC         59  0060 EU-150 1
QSO: 14232 PH 2026-07-25 1252 9A5D/P        59  0073 EU-016 OT5L          59  0025 ------ 0
QSO: 14232 PH 2026-07-25 1252 9A5D/P        59  0075 EU-016 M7MUY         59  0007 EU-005 0
QSO: 21030 CW 2026-07-25 1253 9A5D/P        599 0046 EU-016 YD2UWF        599 0044 OC-021 1
QSO: 21040 CW 2026-07-25 1254 9A5D/P        599 0048 EU-016 EF8BBM        599 0010 AF-004 1
QSO: 14260 PH 2026-07-25 1255 9A5D/P        59  0077 EU-016 DK1A          59  0119 EU-129 0
QSO: 14276 PH 2026-07-25 1257 9A5D/P        59  0079 EU-016 DK3R          59  0217 EU-057 0
QSO: 21048 CW 2026-07-25 1257 9A5D/P        599 0050 EU-016 JA6GCE        599 0069 AS-077 1
QSO: 14228 PH 2026-07-25 1259 9A5D/P        59  0081 EU-016 GM7V          59  0281 EU-010 0
QSO: 21261 PH 2026-07-25 1259 9A5D/P        59  0052 EU-016 CR3W          59  0211 AF-014 1
QSO: 21282 PH 2026-07-25 1300 9A5D/P        59  0054 EU-016 CU2YK         59  0047 EU-003 1
QSO: 14014 CW 2026-07-25 1301 9A5D/P        599 0083 EU-016 P3X           599 0194 AS-004 0
QSO: 14014 CW 2026-07-25 1301 9A5D/P        599 0085 EU-016 US3EW         599 0022 ------ 0
QSO: 14014 CW 2026-07-25 1301 9A5D/P        599 0087 EU-016 DL5ARM        599 0012 ------ 0
QSO: 21026 CW 2026-07-25 1301 9A5D/P        599 0056 EU-016 BD7YK         599 0030 AS-094 1
QSO: 14014 CW 2026-07-25 1302 9A5D/P        599 0089 EU-016 G0ORH         599 0002 EU-005 0
QSO: 14014 CW 2026-07-25 1302 9A5D/P        599 0091 EU-016 US7IM         599 0007 ------ 0
QSO: 14014 CW 2026-07-25 1302 9A5D/P        599 0093 EU-016 DL6NDW        599 0026 ------ 0
QSO: 14014 CW 2026-07-25 1303 9A5D/P        599 0095 EU-016 SM2M          599 0050 ------ 0
QSO: 14014 CW 2026-07-25 1303 9A5D/P        599 0097 EU-016 G2AA          599 0028 EU-005 0
QSO: 14014 CW 2026-07-25 1304 9A5D/P        599 0099 EU-016 G4ENZ         599 0058 EU-005 0
QSO: 14014 CW 2026-07-25 1304 9A5D/P        599 0101 EU-016 SM5CIL        599 0038 ------ 0
QSO: 21038 CW 2026-07-25 1305 9A5D/P        599 0058 EU-016 AG2J          599 0034 NA-111 1
QSO: 21047 CW 2026-07-25 1305 9A5D/P        599 0060 EU-016 BO0M          599 0036 AS-113 1
QSO: 14014 CW 2026-07-25 1306 9A5D/P        599 0103 EU-016 ON8PR         599 0012 ------ 0
QSO: 21001 CW 2026-07-25 1306 9A5D/P        599 0062 EU-016 SD1A          599 0122 EU-020 1
QSO: 21310 PH 2026-07-25 1307 9A5D/P        59  0064 EU-016 JA8COE        59  0066 AS-078 1
QSO: 14030 CW 2026-07-25 1307 9A5D/P        599 0105 EU-016 OV5N          599 0045 EU-125 0
QSO: 14031 CW 2026-07-25 1309 9A5D/P        599 0107 EU-016 PA2G          599 0106 EU-146 0
QSO: 21053 CW 2026-07-25 1309 9A5D/P        599 0066 EU-016 9A/OM6NM      599 0045 EU-136 1
QSO: 14014 CW 2026-07-25 1310 9A5D/P        599 0109 EU-016 UZ7E          599 0062 ------ 0
QSO: 14051 CW 2026-07-25 1312 9A5D/P        599 0111 EU-016 GJ2A          599 0049 EU-013 0
QSO: 14014 CW 2026-07-25 1313 9A5D/P        599 0113 EU-016 DL8MBS        599 0011 ------ 0
QSO: 21009 CW 2026-07-25 1314 9A5D/P        599 0068 EU-016 K4RUM         599 0097 NA-026 1
QSO: 14014 CW 2026-07-25 1314 9A5D/P        599 0115 EU-016 UT4EK         599 0002 ------ 0
QSO: 14014 CW 2026-07-25 1315 9A5D/P        599 0117 EU-016 DL3YM         599 0026 ------ 0
QSO: 14014 CW 2026-07-25 1315 9A5D/P        599 0119 EU-016 SM0Q          599 0007 ------ 0
QSO: 14014 CW 2026-07-25 1316 9A5D/P        599 0121 EU-016 M4N           599 0068 EU-005 0
QSO: 14014 CW 2026-07-25 1316 9A5D/P        599 0123 EU-016 G4LJU         599 0014 EU-005 0
QSO: 14014 CW 2026-07-25 1317 9A5D/P        599 0125 EU-016 G4ZFE         599 0006 EU-005 0
QSO: 14015 CW 2026-07-25 1318 9A5D/P        599 0127 EU-016 G3TXF         599 0107 EU-005 0
QSO: 14012 CW 2026-07-25 1319 9A5D/P        599 0129 EU-016 G3P           599 0055 EU-005 0
QSO: 14014 CW 2026-07-25 1320 9A5D/P        599 0131 EU-016 II2Q          599 0097 ------ 0
QSO: 21038 CW 2026-07-25 1322 9A5D/P        599 0070 EU-016 OY1CT         599 0151 EU-018 1
QSO: 21018 CW 2026-07-25 1323 9A5D/P        599 0072 EU-016 AA1AC         599 0043 NA-031 1
QSO: 14212 PH 2026-07-25 1324 9A5D/P        59  0133 EU-016 OH2NQH        59  0007 ------ 0
QSO: 14212 PH 2026-07-25 1325 9A5D/P        59  0135 EU-016 OH6GHI        59  0011 ------ 0
QSO: 21252 PH 2026-07-25 1325 9A5D/P        59  0074 EU-016 YE9BJM        59  0082 OC-022 1
QSO: 14212 PH 2026-07-25 1325 9A5D/P        59  0137 EU-016 F2JD          59  0023 ------ 0
QSO: 14212 PH 2026-07-25 1326 9A5D/P        59  0139 EU-016 UY7LM         59  0017 ------ 0
QSO: 14212 PH 2026-07-25 1326 9A5D/P        59  0141 EU-016 G0WJK         59  0013 EU-005 0
QSO: 14212 PH 2026-07-25 1326 9A5D/P        59  0143 EU-016 F6GNP/9       59  0012 ------ 0
QSO: 14212 PH 2026-07-25 1327 9A5D/P        59  0145 EU-016 GM5RDX        59  0028 EU-005 0
QSO: 14212 PH 2026-07-25 1328 9A5D/P        59  0147 EU-016 PC9K          59  0006 ------ 0
QSO: 14212 PH 2026-07-25 1328 9A5D/P        59  0149 EU-016 DH1PAL        59  0035 ------ 0
QSO: 14212 PH 2026-07-25 1330 9A5D/P        59  0151 EU-016 PD3H          59  0019 ------ 0
QSO: 21035 CW 2026-07-25 1330 9A5D/P        599 0076 EU-016 9A1V          599 0038 EU-016 1
QSO: 14212 PH 2026-07-25 1330 9A5D/P        59  0153 EU-016 OH1TD         59  0009 EU-096 0
QSO: 14212 PH 2026-07-25 1331 9A5D/P        59  0155 EU-016 PI4DX         59  0080 ------ 0
QSO: 14212 PH 2026-07-25 1331 9A5D/P        59  0157 EU-016 R2EL          59  0007 ------ 0
QSO: 14212 PH 2026-07-25 1331 9A5D/P        59  0159 EU-016 ON7MV         59  0040 ------ 0
QSO: 14212 PH 2026-07-25 1332 9A5D/P        59  0161 EU-016 OH8DIT        59  0019 ------ 0
QSO: 14212 PH 2026-07-25 1332 9A5D/P        59  0163 EU-016 SP4LO         59  0012 ------ 0
QSO: 14212 PH 2026-07-25 1332 9A5D/P        59  0165 EU-016 DL6WWM        59  0027 EU-128 0
QSO: 14212 PH 2026-07-25 1333 9A5D/P        59  0167 EU-016 ON8WI         59  0001 ------ 0
QSO: 14212 PH 2026-07-25 1333 9A5D/P        59  0169 EU-016 DJ1SD         59  0016 ------ 0
QSO: 14212 PH 2026-07-25 1333 9A5D/P        59  0171 EU-016 ES3AMO        59  0007 ------ 0
QSO: 14212 PH 2026-07-25 1334 9A5D/P        59  0173 EU-016 ON5LS         59  0021 ------ 0
QSO: 14212 PH 2026-07-25 1334 9A5D/P        59  0175 EU-016 LY/UT2HA      59  0110 ------ 0
QSO: 14212 PH 2026-07-25 1334 9A5D/P        59  0177 EU-016 F5LIW         59  0058 ------ 0
QSO: 14212 PH 2026-07-25 1335 9A5D/P        59  0179 EU-016 MM1DJJ        59  0013 EU-005 0
QSO: 14212 PH 2026-07-25 1335 9A5D/P        59  0181 EU-016 ON6FC         59  0031 ------ 0
QSO: 14212 PH 2026-07-25 1335 9A5D/P        59  0183 EU-016 PA5LV         59  0012 ------ 0
QSO: 14212 PH 2026-07-25 1336 9A5D/P        59  0185 EU-016 M1T           59  0005 EU-005 0
QSO: 14212 PH 2026-07-25 1336 9A5D/P        59  0187 EU-016 G0HSP         59  0023 EU-005 0
QSO: 14212 PH 2026-07-25 1336 9A5D/P        59  0189 EU-016 DD2IA         59  0026 ------ 0
QSO: 14212 PH 2026-07-25 1336 9A5D/P        59  0191 EU-016 DG1NGR        59  0001 ------ 0
QSO: 14212 PH 2026-07-25 1337 9A5D/P        59  0193 EU-016 ON7BT         59  0011 ------ 0
QSO: 14212 PH 2026-07-25 1337 9A5D/P        59  0195 EU-016 G2NV          59  0061 EU-005 0
QSO: 14212 PH 2026-07-25 1337 9A5D/P        59  0197 EU-016 G0LPI         59  0017 EU-005 0
QSO: 14212 PH 2026-07-25 1338 9A5D/P        59  0199 EU-016 ON3GEO        59  0009 ------ 0
QSO: 14212 PH 2026-07-25 1338 9A5D/P        59  0201 EU-016 ON3ONX        59  0010 ------ 0
QSO: 21011 CW 2026-07-25 1338 9A5D/P        599 0078 EU-016 SK3T          599 0293 EU-084 1
QSO: 14212 PH 2026-07-25 1338 9A5D/P        59  0203 EU-016 PD0SBJ        59  0011 ------ 0
QSO: 14212 PH 2026-07-25 1339 9A5D/P        59  0205 EU-016 DL7CU         59  0001 ------ 0
QSO: 21033 CW 2026-07-25 1339 9A5D/P        599 0080 EU-016 EI2KA         599 0091 EU-115 1
QSO: 14212 PH 2026-07-25 1340 9A5D/P        59  0207 EU-016 SM8M          59  0027 ------ 0
QSO: 21029 CW 2026-07-25 1340 9A5D/P        599 0082 EU-016 OV3W          599 0216 EU-172 1
QSO: 14212 PH 2026-07-25 1340 9A5D/P        59  0209 EU-016 UW7EF         59  0024 ------ 0
QSO: 14212 PH 2026-07-25 1340 9A5D/P        59  0211 EU-016 F5JNX         59  0004 ------ 0
QSO: 14212 PH 2026-07-25 1340 9A5D/P        59  0213 EU-016 F4MAI         59  0053 ------ 0
QSO: 14212 PH 2026-07-25 1341 9A5D/P        59  0215 EU-016 F4CVO         59  0008 ------ 0
QSO: 14212 PH 2026-07-25 1342 9A5D/P        59  0217 EU-016 DF4JG         59  0001 ------ 0
QSO: 21016 CW 2026-07-25 1342 9A5D/P        599 0084 EU-016 DK3R          599 0335 EU-057 1
QSO: 14183 PH 2026-07-25 1343 9A5D/P        59  0219 EU-016 2E0YEH        59  0047 EU-005 0
QSO: 14177 PH 2026-07-25 1343 9A5D/P        59  0221 EU-016 MM5D          59  0152 EU-010 0
QSO: 14226 PH 2026-07-25 1344 9A5D/P        59  0223 EU-016 OZ2DAN        59  0165 EU-171 0
QSO: 14212 PH 2026-07-25 1345 9A5D/P        59  0225 EU-016 PD1TV         59  0046 ------ 0
QSO: 14212 PH 2026-07-25 1346 9A5D/P        59  0227 EU-016 G4DBW         59  0077 EU-005 0
QSO: 14297 PH 2026-07-25 1348 9A5D/P        59  0229 EU-016 GM1J          59  0110 EU-005 0
QSO: 14212 PH 2026-07-25 1349 9A5D/P        59  0231 EU-016 M8LZP         59  0008 EU-005 0
QSO: 14212 PH 2026-07-25 1349 9A5D/P        59  0233 EU-016 DL1ROT        59  0012 ------ 0
QSO: 21052 CW 2026-07-25 1350 9A5D/P        599 0086 EU-016 JK8PBO        599 0004 AS-078 1
QSO: 14212 PH 2026-07-25 1350 9A5D/P        59  0235 EU-016 PD1BK         59  0001 EU-038 0
QSO: 21234 PH 2026-07-25 1351 9A5D/P        59  0088 EU-016 EI8KN         59  0052 EU-115 1
QSO: 14212 PH 2026-07-25 1351 9A5D/P        59  0237 EU-016 PA4GDR        59  0014 ------ 0
QSO: 14212 PH 2026-07-25 1352 9A5D/P        59  0239 EU-016 DL3FHB        59  0027 ------ 0
QSO: 21241 PH 2026-07-25 1352 9A5D/P        59  0090 EU-016 TF3W          59  0213 EU-021 1
QSO: 14212 PH 2026-07-25 1352 9A5D/P        59  0241 EU-016 PD5HBG        59  0023 EU-146 0
QSO: 21248 PH 2026-07-25 1353 9A5D/P        59  0092 EU-016 9A1V          59  0048 EU-016 1
QSO: 14212 PH 2026-07-25 1353 9A5D/P        59  0243 EU-016 PD0TH         59  0011 ------ 0
QSO: 14212 PH 2026-07-25 1354 9A5D/P        59  0245 EU-016 DL6ABB        59  0001 ------ 0
QSO: 14212 PH 2026-07-25 1355 9A5D/P        59  0247 EU-016 PA5BUK        59  0014 ------ 0
QSO: 14233 PH 2026-07-25 1355 9A5D/P        59  0249 EU-016 9A/OM6NM      59  0120 EU-136 0
QSO: 14275 PH 2026-07-25 1356 9A5D/P        59  0251 EU-016 5B4AIF        59  0018 AS-004 0
QSO: 14287 PH 2026-07-25 1357 9A5D/P        59  0253 EU-016 LC5C          59  0041 EU-046 0
QSO: 14310 PH 2026-07-25 1358 9A5D/P        59  0255 EU-016 MW0D          59  0159 EU-005 0
QSO: 14322 PH 2026-07-25 1359 9A5D/P        59  0257 EU-016 GU6EFW        59  0073 EU-114 0
QSO: 14271 PH 2026-07-25 1359 9A5D/P        59  0259 EU-016 G3RXQ         59  0122 EU-005 0
QSO: 14222 PH 2026-07-25 1400 9A5D/P        59  0261 EU-016 GW4XMR        59  0063 EU-005 0
QSO: 14192 PH 2026-07-25 1401 9A5D/P        59  0263 EU-016 OZ4GM         59  0033 EU-030 0
QSO: 14177 PH 2026-07-25 1402 9A5D/P        59  0265 EU-016 MM5DB/P       59  0181 EU-010 0
QSO: 21004 CW 2026-07-25 1402 9A5D/P        599 0094 EU-016 VE7JH         599 0102 NA-036 1
QSO: 14239 PH 2026-07-25 1403 9A5D/P        59  0267 EU-016 9A6A          59  0192 EU-016 0
QSO: 21005 CW 2026-07-25 1405 9A5D/P        599 0096 EU-016 TK5K          599 0252 EU-014 1
QSO: 14005 CW 2026-07-25 1406 9A5D/P        599 0269 EU-016 G0OOR         599 0017 EU-005 0
QSO: 21019 CW 2026-07-25 1406 9A5D/P        599 0098 EU-016 MM1E          599 0067 EU-005 1
QSO: 14005 CW 2026-07-25 1406 9A5D/P        599 0271 EU-016 DL5DTG        599 0039 ------ 0
QSO: 14005 CW 2026-07-25 1407 9A5D/P        599 0273 EU-016 F6JOE         599 0016 ------ 0
QSO: 14005 CW 2026-07-25 1408 9A5D/P        599 0275 EU-016 SV8OVJ        599 0139 EU-067 0
QSO: 14005 CW 2026-07-25 1409 9A5D/P        599 0277 EU-016 ES/DL7AU      599 0063 EU-034 0
QSO: 14005 CW 2026-07-25 1410 9A5D/P        599 0279 EU-016 G7M           599 0159 EU-005 0
QSO: 14005 CW 2026-07-25 1410 9A5D/P        599 0281 EU-016 SM6F          599 0023 ------ 0
QSO: 14005 CW 2026-07-25 1411 9A5D/P        599 0283 EU-016 PA0JNH        599 0030 ------ 0
QSO: 14005 CW 2026-07-25 1412 9A5D/P        599 0285 EU-016 GW0NCU        599 0009 EU-005 0
QSO: 21042 CW 2026-07-25 1412 9A5D/P        599 0100 EU-016 SV9/DH8BQA    599 0133 EU-015 1
QSO: 14005 CW 2026-07-25 1412 9A5D/P        599 0287 EU-016 DR7I          599 0006 ------ 0
QSO: 14005 CW 2026-07-25 1413 9A5D/P        599 0289 EU-016 PA3DTR        599 0016 ------ 0
QSO: 14005 CW 2026-07-25 1413 9A5D/P        599 0291 EU-016 SP7IWA        599 0023 ------ 0
QSO: 14005 CW 2026-07-25 1413 9A5D/P        599 0293 EU-016 SM7PKK        599 0037 ------ 0
QSO: 14005 CW 2026-07-25 1414 9A5D/P        599 0295 EU-016 RA6SA         599 0002 ------ 0
QSO: 21017 CW 2026-07-25 1414 9A5D/P        599 0102 EU-016 G5XV          599 0218 EU-120 1
QSO: 14005 CW 2026-07-25 1414 9A5D/P        599 0297 EU-016 G0RPM         599 0020 EU-005 0
QSO: 14005 CW 2026-07-25 1414 9A5D/P        599 0299 EU-016 EA1X          599 0105 ------ 0
QSO: 14005 CW 2026-07-25 1415 9A5D/P        599 0301 EU-016 ES5JR         599 0047 ------ 0
QSO: 21245 PH 2026-07-25 1416 9A5D/P        59  0104 EU-016 YC3DOC        59  0091 OC-021 1
QSO: 14005 CW 2026-07-25 1416 9A5D/P        599 0303 EU-016 GM3JW         599 0025 EU-005 0
QSO: 14005 CW 2026-07-25 1416 9A5D/P        599 0305 EU-016 DH0JAE        599 0024 ------ 0
QSO: 21036 CW 2026-07-25 1416 9A5D/P        599 0106 EU-016 SV8OVJ        599 0140 EU-067 1
QSO: 14005 CW 2026-07-25 1417 9A5D/P        599 0307 EU-016 OK1OA         599 0093 ------ 0
QSO: 14005 CW 2026-07-25 1417 9A5D/P        599 0309 EU-016 LY2LF         599 0025 ------ 0
QSO: 21280 PH 2026-07-25 1417 9A5D/P        59  0108 EU-016 7C8C          59  0079 OC-236 1
QSO: 14005 CW 2026-07-25 1418 9A5D/P        599 0311 EU-016 OK1TA         599 0069 ------ 0
QSO: 14005 CW 2026-07-25 1418 9A5D/P        599 0313 EU-016 OH6SC         599 0011 ------ 0
QSO: 14005 CW 2026-07-25 1419 9A5D/P        599 0315 EU-016 PD7CJT        599 0033 ------ 0
QSO: 21011 CW 2026-07-25 1419 9A5D/P        599 0110 EU-016 PC38EU        599 0167 EU-038 1
QSO: 14005 CW 2026-07-25 1419 9A5D/P        599 0317 EU-016 PA0RDT        599 0049 ------ 0
QSO: 14005 CW 2026-07-25 1420 9A5D/P        599 0319 EU-016 G3WNQ         599 0008 EU-005 0
QSO: 14005 CW 2026-07-25 1420 9A5D/P        599 0321 EU-016 LZ8E          599 0142 ------ 0
QSO: 14005 CW 2026-07-25 1421 9A5D/P        599 0323 EU-016 SM5ACQ        599 0018 ------ 0
QSO: 21045 CW 2026-07-25 1421 9A5D/P        599 0112 EU-016 LB5WB         599 0198 EU-055 1
QSO: 21041 CW 2026-07-25 1421 9A5D/P        599 0114 EU-016 VO1AW         599 0052 NA-027 1
QSO: 14005 CW 2026-07-25 1421 9A5D/P        599 0325 EU-016 SN5WD         599 0036 ------ 0
QSO: 14005 CW 2026-07-25 1422 9A5D/P        599 0327 EU-016 DJ4WT         599 0039 ------ 0
QSO: 14005 CW 2026-07-25 1422 9A5D/P        599 0329 EU-016 SE4E          599 0091 ------ 0
QSO: 14005 CW 2026-07-25 1423 9A5D/P        599 0331 EU-016 HG8W          599 0053 ------ 0
QSO: 14005 CW 2026-07-25 1423 9A5D/P        599 0333 EU-016 G4AFF         599 0080 EU-005 0
QSO: 14005 CW 2026-07-25 1423 9A5D/P        599 0335 EU-016 DJ2ST         599 0036 ------ 0
QSO: 14005 CW 2026-07-25 1424 9A5D/P        599 0337 EU-016 OR7K          599 0123 ------ 0
QSO: 14005 CW 2026-07-25 1424 9A5D/P        599 0339 EU-016 UT0RM         599 0121 ------ 0
QSO: 14005 CW 2026-07-25 1425 9A5D/P        599 0341 EU-016 SN7F          599 0030 ------ 0
QSO: 14005 CW 2026-07-25 1425 9A5D/P        599 0343 EU-016 SN0RX         599 0176 EU-132 0
QSO: 14005 CW 2026-07-25 1426 9A5D/P        599 0345 EU-016 PA0ZAV        599 0005 ------ 0
QSO: 14005 CW 2026-07-25 1426 9A5D/P        599 0347 EU-016 ON9TT         599 0038 ------ 0
QSO: 21027 CW 2026-07-25 1427 9A5D/P        599 0116 EU-016 MW0KBN        599 0127 EU-005 1
QSO: 21213 PH 2026-07-25 1427 9A5D/P        59  0118 EU-016 MW0KBN        59  0127 EU-005 1
QSO: 14005 CW 2026-07-25 1427 9A5D/P        599 0349 EU-016 WA7AA         599 0041 ------ 0
QSO: 14005 CW 2026-07-25 1427 9A5D/P        599 0351 EU-016 SQ7LQJ        599 0001 ------ 0
QSO: 21018 CW 2026-07-25 1427 9A5D/P        599 0120 EU-016 OH1SIC        599 0028 EU-096 1
QSO: 14005 CW 2026-07-25 1428 9A5D/P        599 0353 EU-016 OK1DSA        599 0014 ------ 0
QSO: 14005 CW 2026-07-25 1428 9A5D/P        599 0355 EU-016 IU8RIA        599 0112 ------ 0
QSO: 21236 PH 2026-07-25 1428 9A5D/P        59  0122 EU-016 MD7C          59  0344 EU-116 1
QSO: 14005 CW 2026-07-25 1429 9A5D/P        599 0357 EU-016 EI7M          599 0799 EU-115 0
QSO: 14005 CW 2026-07-25 1429 9A5D/P        599 0359 EU-016 DL1AH         599 0004 ------ 0
QSO: 14005 CW 2026-07-25 1430 9A5D/P        599 0361 EU-016 OM0WR         599 0071 ------ 0
QSO: 21035 CW 2026-07-25 1430 9A5D/P        599 0124 EU-016 IG9/IK8PGM    599 0130 AF-019 1
QSO: 21220 PH 2026-07-25 1430 9A5D/P        59  0126 EU-016 CS4AR         59  0066 EU-175 1
QSO: 14005 CW 2026-07-25 1430 9A5D/P        599 0363 EU-016 M8M           599 0005 EU-005 0
QSO: 14005 CW 2026-07-25 1431 9A5D/P        599 0365 EU-016 G3YMC         599 0035 EU-005 0
QSO: 14005 CW 2026-07-25 1432 9A5D/P        599 0367 EU-016 DL2MDZ        599 0037 ------ 0
QSO: 14005 CW 2026-07-25 1432 9A5D/P        599 0369 EU-016 OG5O          599 0064 ------ 0
QSO: 21038 CW 2026-07-25 1433 9A5D/P        599 0128 EU-016 PA2G          599 0200 EU-146 1
QSO: 14005 CW 2026-07-25 1433 9A5D/P        599 0371 EU-016 I3VWK         599 0008 ------ 0
QSO: 14005 CW 2026-07-25 1433 9A5D/P        599 0373 EU-016 MM0T          599 0083 EU-005 0
QSO: 14005 CW 2026-07-25 1433 9A5D/P        599 0375 EU-016 IZ2WFL        599 0037 ------ 0
QSO: 14005 CW 2026-07-25 1434 9A5D/P        599 0377 EU-016 OG3B          599 0250 ------ 0
QSO: 14005 CW 2026-07-25 1434 9A5D/P        599 0379 EU-016 DL4XU         599 0037 ------ 0
QSO: 14005 CW 2026-07-25 1435 9A5D/P        599 0381 EU-016 SP2FAP        599 0027 ------ 0
QSO: 14005 CW 2026-07-25 1436 9A5D/P        599 0383 EU-016 5Q5M          599 0037 EU-029 0
QSO: 14005 CW 2026-07-25 1437 9A5D/P        599 0385 EU-016 IZ4JMA        599 0066 ------ 0
QSO: 21300 PH 2026-07-25 1437 9A5D/P        59  0130 EU-016 C4E           59  0240 AS-004 1
QSO: 14005 CW 2026-07-25 1437 9A5D/P        599 0387 EU-016 SP4NKJ        599 0032 ------ 0
QSO: 14005 CW 2026-07-25 1438 9A5D/P        599 0389 EU-016 G3PPR         599 0006 EU-005 0
QSO: 21037 CW 2026-07-25 1438 9A5D/P        599 0132 EU-016 SN0RX         599 0190 EU-132 1
QSO: 28015 CW 2026-07-25 1438 9A5D/P        599 0134 EU-016 KP2M          599 0296 NA-106 1
QSO: 14005 CW 2026-07-25 1438 9A5D/P        599 0391 EU-016 MM2T          599 0053 EU-005 0
QSO: 21032 CW 2026-07-25 1438 9A5D/P        599 0136 EU-016 SV8/DH5FS     599 0191 EU-052 1
QSO: 14005 CW 2026-07-25 1439 9A5D/P        599 0393 EU-016 SN5J          599 0029 ------ 0
QSO: 14005 CW 2026-07-25 1439 9A5D/P        599 0395 EU-016 PD1RDY        599 0021 ------ 0
QSO: 14005 CW 2026-07-25 1439 9A5D/P        599 0397 EU-016 ON4ADL        599 0021 ------ 0
QSO: 14005 CW 2026-07-25 1440 9A5D/P        599 0399 EU-016 DJ2TG         599 0056 ------ 0
QSO: 14005 CW 2026-07-25 1440 9A5D/P        599 0401 EU-016 HG2DX         599 0084 ------ 0
QSO: 28019 CW 2026-07-25 1440 9A5D/P        599 0138 EU-016 SV9/DH8BQA    599 0187 EU-015 1
QSO: 14005 CW 2026-07-25 1441 9A5D/P        599 0403 EU-016 UY7LM         599 0027 ------ 0
QSO: 14005 CW 2026-07-25 1441 9A5D/P        599 0405 EU-016 OK1IDD        599 0021 ------ 0
QSO: 21025 CW 2026-07-25 1442 9A5D/P        599 0140 EU-016 GM7A          599 0260 EU-008 1
QSO: 14005 CW 2026-07-25 1442 9A5D/P        599 0407 EU-016 IP1X          599 0283 EU-083 0
QSO: 14005 CW 2026-07-25 1442 9A5D/P        599 0409 EU-016 DF8AA         599 0010 ------ 0
QSO: 14005 CW 2026-07-25 1443 9A5D/P        599 0411 EU-016 HA8JV         599 0087 ------ 0
QSO: 14005 CW 2026-07-25 1443 9A5D/P        599 0413 EU-016 SM7T          599 0131 ------ 0
QSO: 14005 CW 2026-07-25 1443 9A5D/P        599 0415 EU-016 F4KIY         599 0057 ------ 0
QSO: 21233 PH 2026-07-25 1444 9A5D/P        59  0142 EU-016 OY/G3WVG      59  0263 EU-018 1
QSO: 28006 CW 2026-07-25 1444 9A5D/P        599 0144 EU-016 GM7V          599 0649 EU-010 1
QSO: 14005 CW 2026-07-25 1444 9A5D/P        599 0417 EU-016 DJ3DQ         599 0033 ------ 0
QSO: 21304 PH 2026-07-25 1445 9A5D/P        59  0146 EU-016 SV8/DH5FS     59  0198 EU-052 1
QSO: 14005 CW 2026-07-25 1445 9A5D/P        599 0419 EU-016 DG4UF         599 0021 ------ 0
QSO: 14005 CW 2026-07-25 1445 9A5D/P        599 0421 EU-016 UR1UU         599 0002 ------ 0
QSO: 14005 CW 2026-07-25 1446 9A5D/P        599 0423 EU-016 LZ1QN         599 0047 ------ 0
QSO: 28002 CW 2026-07-25 1446 9A5D/P        599 0148 EU-016 KU8E          599 0049 NA-058 1
QSO: 14005 CW 2026-07-25 1446 9A5D/P        599 0425 EU-016 HA3FMR        599 0054 ------ 0
QSO: 14005 CW 2026-07-25 1446 9A5D/P        599 0427 EU-016 DL3RDM        599 0031 ------ 0
QSO: 28007 CW 2026-07-25 1447 9A5D/P        599 0150 EU-016 G4IRN         599 0230 EU-005 1
QSO: 14005 CW 2026-07-25 1447 9A5D/P        599 0429 EU-016 VE3CT         599 0019 ------ 0
QSO: 14005 CW 2026-07-25 1447 9A5D/P        599 0431 EU-016 IK2ULV        599 0026 ------ 0
QSO: 14005 CW 2026-07-25 1448 9A5D/P        599 0433 EU-016 UT1QR         599 0001 ------ 0
QSO: 21011 CW 2026-07-25 1449 9A5D/P        599 0152 EU-016 YB9ELS        599 0065 OC-022 1
QSO: 14005 CW 2026-07-25 1449 9A5D/P        599 0435 EU-016 SE5V          599 0024 ------ 0
QSO: 28444 PH 2026-07-25 1449 9A5D/P        59  0154 EU-016 YB2NDX        59  0029 OC-021 1
QSO: 14005 CW 2026-07-25 1450 9A5D/P        599 0437 EU-016 R2QA          599 0125 ------ 0
QSO: 14005 CW 2026-07-25 1450 9A5D/P        599 0439 EU-016 F8CRS         599 0093 ------ 0
QSO: 14005 CW 2026-07-25 1450 9A5D/P        599 0441 EU-016 LY4BF         599 0025 ------ 0
QSO: 14005 CW 2026-07-25 1451 9A5D/P        599 0443 EU-016 SF6J          599 0099 ------ 0
QSO: 14005 CW 2026-07-25 1451 9A5D/P        599 0445 EU-016 DL2DTJ        599 0019 ------ 0
QSO: 14005 CW 2026-07-25 1451 9A5D/P        599 0447 EU-016 OM7AT         599 0036 ------ 0
QSO: 14005 CW 2026-07-25 1452 9A5D/P        599 0449 EU-016 I5MPN         599 0003 ------ 0
QSO: 28012 CW 2026-07-25 1452 9A5D/P        599 0156 EU-016 EI7KD         599 0521 EU-115 1
QSO: 14005 CW 2026-07-25 1452 9A5D/P        599 0451 EU-016 SF6W          599 0067 ------ 0
QSO: 14005 CW 2026-07-25 1453 9A5D/P        599 0453 EU-016 UR2Y          599 0107 ------ 0
QSO: 14005 CW 2026-07-25 1453 9A5D/P        599 0455 EU-016 RU0LL         599 0044 ------ 0
QSO: 14005 CW 2026-07-25 1453 9A5D/P        599 0457 EU-016 IW5EIJ        599 0007 ------ 0
QSO: 14005 CW 2026-07-25 1454 9A5D/P        599 0459 EU-016 OZ4GM         599 0051 EU-030 0
QSO: 21284 PH 2026-07-25 1454 9A5D/P        59  0158 EU-016 S77HQ         59  0171 AF-024 1
QSO: 14005 CW 2026-07-25 1454 9A5D/P        599 0461 EU-016 DL2LQC        599 0012 ------ 0
QSO: 14005 CW 2026-07-25 1455 9A5D/P        599 0463 EU-016 SV8/SV1SYM    599 0004 EU-113 0
QSO: 28018 CW 2026-07-25 1455 9A5D/P        599 0160 EU-016 EJ3Z          599 0271 EU-121 1
QSO: 14005 CW 2026-07-25 1456 9A5D/P        599 0465 EU-016 RX9WN         599 0034 ------ 0
QSO: 21034 CW 2026-07-25 1456 9A5D/P        599 0162 EU-016 IP1X          599 0322 EU-083 1
QSO: 14005 CW 2026-07-25 1457 9A5D/P        599 0467 EU-016 JR2PMT        599 0014 AS-007 0
QSO: 14005 CW 2026-07-25 1457 9A5D/P        599 0469 EU-016 G3SWH         599 0106 EU-005 0
QSO: 14005 CW 2026-07-25 1457 9A5D/P        599 0471 EU-016 YL1YF         599 0059 ------ 0
QSO: 14005 CW 2026-07-25 1458 9A5D/P        599 0473 EU-016 OK1LV         599 0052 ------ 0
QSO: 14005 CW 2026-07-25 1458 9A5D/P        599 0475 EU-016 PA3ARM        599 0011 ------ 0
QSO: 14005 CW 2026-07-25 1459 9A5D/P        599 0477 EU-016 DM3PKK        599 0014 ------ 0
QSO: 14005 CW 2026-07-25 1500 9A5D/P        599 0479 EU-016 OH1SIC        599 0045 EU-096 0
QSO: 28032 CW 2026-07-25 1500 9A5D/P        599 0164 EU-016 P3CR          599 0337 AS-004 1
QSO: 14005 CW 2026-07-25 1500 9A5D/P        599 0481 EU-016 IW2HAJ        599 0047 ------ 0
QSO: 14005 CW 2026-07-25 1501 9A5D/P        599 0483 EU-016 OH1ZAA        599 0032 ------ 0
QSO: 21230 PH 2026-07-25 1501 9A5D/P        59  0166 EU-016 4S7AB         59  0044 AS-003 1
QSO: 14005 CW 2026-07-25 1501 9A5D/P        599 0485 EU-016 OT5L          599 0040 ------ 0
QSO: 14005 CW 2026-07-25 1502 9A5D/P        599 0487 EU-016 IK1PMR        599 0030 ------ 0
QSO: 14005 CW 2026-07-25 1502 9A5D/P        599 0489 EU-016 I4IKW         599 0101 ------ 0
QSO: 14005 CW 2026-07-25 1503 9A5D/P        599 0491 EU-016 MM1E          599 0125 EU-005 0
QSO: 14005 CW 2026-07-25 1503 9A5D/P        599 0493 EU-016 OG6N          599 0131 ------ 0
QSO: 14005 CW 2026-07-25 1504 9A5D/P        599 0495 EU-016 PE2K          599 0053 ------ 0
QSO: 14005 CW 2026-07-25 1504 9A5D/P        599 0497 EU-016 M5M           599 0001 EU-005 0
QSO: 14005 CW 2026-07-25 1505 9A5D/P        599 0499 EU-016 IK1RGK        599 0005 ------ 0
QSO: 14005 CW 2026-07-25 1505 9A5D/P        599 0501 EU-016 DK5ZX         599 0020 ------ 0
QSO: 28021 CW 2026-07-25 1505 9A5D/P        599 0168 EU-016 DK1A          599 0304 EU-129 1
QSO: 14005 CW 2026-07-25 1505 9A5D/P        599 0503 EU-016 YL2NK         599 0058 ------ 0
QSO: 14005 CW 2026-07-25 1506 9A5D/P        599 0505 EU-016 OZ4O          599 0056 EU-029 0
QSO: 14005 CW 2026-07-25 1506 9A5D/P        599 0507 EU-016 RM6ZC         599 0001 ------ 0
QSO: 14005 CW 2026-07-25 1507 9A5D/P        599 0509 EU-016 PD9W          599 0001 ------ 0
QSO: 14005 CW 2026-07-25 1509 9A5D/P        599 0511 EU-016 ON4VL         599 0029 ------ 0
QSO: 28023 CW 2026-07-25 1509 9A5D/P        599 0170 EU-016 IP1X          599 0348 EU-083 1
QSO: 14005 CW 2026-07-25 1509 9A5D/P        599 0513 EU-016 UT2II         599 0041 ------ 0
QSO: 14005 CW 2026-07-25 1509 9A5D/P        599 0515 EU-016 M0TDW         599 0029 EU-005 0
QSO: 14005 CW 2026-07-25 1510 9A5D/P        599 0517 EU-016 G3ESE         599 0026 EU-005 0
QSO: 14005 CW 2026-07-25 1511 9A5D/P        599 0519 EU-016 IU2VBP        599 0007 ------ 0
QSO: 21014 CW 2026-07-25 1512 9A5D/P        599 0172 EU-016 DR7I          599 0076 ------ 0
QSO: 14028 CW 2026-07-25 1513 9A5D/P        599 0172 EU-016 TF3W          599 0376 EU-021 1
QSO: 21014 CW 2026-07-25 1513 9A5D/P        599 0175 EU-016 OR7K          599 0150 ------ 0
QSO: 21014 CW 2026-07-25 1513 9A5D/P        599 0177 EU-016 OP5T          599 0065 ------ 0
QSO: 21014 CW 2026-07-25 1514 9A5D/P        599 0179 EU-016 HA2OLM        599 0063 ------ 0
QSO: 21014 CW 2026-07-25 1514 9A5D/P        599 0181 EU-016 JG2NXV        599 0005 AS-007 0
QSO: 14015 CW 2026-07-25 1514 9A5D/P        599 0174 EU-016 IE9/OL5Y      599 0227 EU-051 1
QSO: 28009 CW 2026-07-25 1515 9A5D/P        599 0176 EU-016 GM2T          599 0435 EU-008 1
QSO: 21014 CW 2026-07-25 1515 9A5D/P        599 0183 EU-016 SF6W          599 0083 ------ 0
QSO: 14033 CW 2026-07-25 1515 9A5D/P        599 0178 EU-016 SK3T          599 0504 EU-176 1
QSO: 21014 CW 2026-07-25 1516 9A5D/P        599 0185 EU-016 IQ8UC         599 0252 EU-031 0
QSO: 28026 CW 2026-07-25 1518 9A5D/P        599 0180 EU-016 ES0Q          591 0033 EU-034 1
QSO: 21014 CW 2026-07-25 1518 9A5D/P        599 0187 EU-016 DJ2IA         599 0054 ------ 0
QSO: 21014 CW 2026-07-25 1519 9A5D/P        599 0189 EU-016 UR5LRA        599 0024 ------ 0
QSO: 28026 CW 2026-07-25 1519 9A5D/P        599 0182 EU-016 EF8BBM        599 0144 AF-004 1
QSO: 21014 CW 2026-07-25 1520 9A5D/P        599 0191 EU-016 DL7ALM        599 0015 ------ 0
QSO: 21014 CW 2026-07-25 1520 9A5D/P        599 0193 EU-016 DL7URH        599 0018 ------ 0
QSO: 21014 CW 2026-07-25 1521 9A5D/P        599 0195 EU-016 YQ9Y          599 0032 ------ 0
QSO: 21014 CW 2026-07-25 1521 9A5D/P        599 0197 EU-016 K6NA          599 0043 ------ 0
QSO: 21014 CW 2026-07-25 1522 9A5D/P        599 0199 EU-016 SN4K          599 0042 ------ 0
QSO: 21014 CW 2026-07-25 1523 9A5D/P        599 0521 EU-016 IK2ULV        599 0040 ------ 0
QSO: 21014 CW 2026-07-25 1523 9A5D/P        599 0523 EU-016 G3SWH         599 0117 EU-005 0
QSO: 21014 CW 2026-07-25 1524 9A5D/P        599 0525 EU-016 PE1RDP        599 0006 ------ 0
QSO: 28436 PH 2026-07-25 1524 9A5D/P        59  0184 EU-016 PA2G          59  0257 EU-146 1
QSO: 21014 CW 2026-07-25 1524 9A5D/P        599 0527 EU-016 LA3BO         599 0118 ------ 0
QSO: 21014 CW 2026-07-25 1525 9A5D/P        599 0529 EU-016 DM5DX         599 0071 ------ 0
QSO: 28011 CW 2026-07-25 1525 9A5D/P        599 0186 EU-016 PC38EU        599 0239 EU-038 1
QSO: 21014 CW 2026-07-25 1525 9A5D/P        599 0531 EU-016 DK8ZZ         599 0072 ------ 0
QSO: 21014 CW 2026-07-25 1526 9A5D/P        599 0533 EU-016 KS1J          599 0034 ------ 0
QSO: 28017 CW 2026-07-25 1526 9A5D/P        599 0188 EU-016 OV7X          599 0154 EU-172 1
QSO: 21014 CW 2026-07-25 1526 9A5D/P        599 0535 EU-016 SM7PKK        599 0054 ------ 0
QSO: 21014 CW 2026-07-25 1527 9A5D/P        599 0537 EU-016 W6YA          599 0043 ------ 0
QSO: 21014 CW 2026-07-25 1527 9A5D/P        599 0539 EU-016 YO3XX         599 0137 ------ 0
QSO: 21014 CW 2026-07-25 1528 9A5D/P        599 0541 EU-016 UR7LK         599 0031 ------ 0
QSO: 14002 CW 2026-07-25 1528 9A5D/P        599 0190 EU-016 SD1A          599 0285 EU-020 1
QSO: 21014 CW 2026-07-25 1528 9A5D/P        599 0543 EU-016 G7D           599 0025 EU-005 0
QSO: 21014 CW 2026-07-25 1529 9A5D/P        599 0545 EU-016 DL8UKW        599 0013 ------ 0
QSO: 14038 CW 2026-07-25 1529 9A5D/P        599 0192 EU-016 OY1CT         599 0370 EU-018 1
QSO: 21014 CW 2026-07-25 1529 9A5D/P        599 0547 EU-016 DL1DTL        599 0076 ------ 0
QSO: 14047 CW 2026-07-25 1530 9A5D/P        599 0194 EU-016 JA6GCE        599 0230 AS-077 1
QSO: 21014 CW 2026-07-25 1530 9A5D/P        599 0549 EU-016 DM3ZF         599 0021 ------ 0
QSO: 21014 CW 2026-07-25 1531 9A5D/P        599 0551 EU-016 DH1TST        599 0016 ------ 0
QSO: 14051 CW 2026-07-25 1531 9A5D/P        599 0196 EU-016 II3Y          599 0360 EU-130 1
QSO: 21014 CW 2026-07-25 1531 9A5D/P        599 0553 EU-016 DJ3RA         599 0013 ------ 0
QSO: 21014 CW 2026-07-25 1532 9A5D/P        599 0555 EU-016 SM5FUG        599 0025 ------ 0
QSO: 21014 CW 2026-07-25 1532 9A5D/P        599 0557 EU-016 HB9BAS        599 0016 ------ 0
QSO: 28440 PH 2026-07-25 1533 9A5D/P        59  0198 EU-016 9A1V          59  0154 EU-016 1
QSO: 21014 CW 2026-07-25 1533 9A5D/P        599 0559 EU-016 JN1THL        599 0015 AS-007 0
QSO: 21014 CW 2026-07-25 1533 9A5D/P        599 0561 EU-016 DK5OPA        599 0007 ------ 0
QSO: 14036 CW 2026-07-25 1534 9A5D/P        599 0200 EU-016 CT3KN         599 0369 AF-014 1
QSO: 21014 CW 2026-07-25 1534 9A5D/P        599 0563 EU-016 SV8/SV1SYM    599 0006 EU-113 0
QSO: 14033 CW 2026-07-25 1535 9A5D/P        599 0202 EU-016 9A8DV         599 0441 EU-016 1
QSO: 28044 CW 2026-07-25 1536 9A5D/P        599 0565 EU-016 DJ2IA         599 0061 ------ 0
QSO: 28044 CW 2026-07-25 1537 9A5D/P        599 0567 EU-016 G3YMC         599 0064 EU-005 0
QSO: 28044 CW 2026-07-25 1537 9A5D/P        599 0569 EU-016 G3SWH         599 0122 EU-005 0
QSO: 28044 CW 2026-07-25 1537 9A5D/P        599 0571 EU-016 VE2FX         599 0102 ------ 0
QSO: 14165 PH 2026-07-25 1538 9A5D/P        59  0204 EU-016 GM2T          59  0752 EU-008 1
QSO: 28044 CW 2026-07-25 1538 9A5D/P        599 0573 EU-016 F4FUL         599 0002 ------ 0
QSO: 28044 CW 2026-07-25 1538 9A5D/P        599 0575 EU-016 DJ2TG         599 0076 ------ 0
QSO: 14171 PH 2026-07-25 1538 9A5D/P        59  0206 EU-016 G5XV          59  0407 EU-120 1
QSO: 28044 CW 2026-07-25 1538 9A5D/P        599 0577 EU-016 DL7SX         599 0044 ------ 0
QSO: 28044 CW 2026-07-25 1539 9A5D/P        599 0579 EU-016 F8CRS         599 0130 ------ 0
QSO: 28044 CW 2026-07-25 1540 9A5D/P        599 0581 EU-016 KS1J          599 0039 ------ 0
QSO: 14234 PH 2026-07-25 1540 9A5D/P        59  0208 EU-016 IT9BCC        59  0092 EU-025 1
QSO: 28044 CW 2026-07-25 1541 9A5D/P        599 0583 EU-016 HB9AMO        599 0070 ------ 0
QSO: 14210 PH 2026-07-25 1541 9A5D/P        59  0210 EU-016 JA8COE        59  0167 AS-078 1
QSO: 28044 CW 2026-07-25 1541 9A5D/P        599 0585 EU-016 EA7Q          599 0047 ------ 0
QSO: 14200 PH 2026-07-25 1542 9A5D/P        59  0212 EU-016 IO3M          59  0460 EU-131 1
QSO: 28044 CW 2026-07-25 1543 9A5D/P        599 0587 EU-016 DN9WBG        599 0018 ------ 0
QSO: 28044 CW 2026-07-25 1543 9A5D/P        599 0589 EU-016 OZ3TQ         599 0002 EU-172 0
QSO: 28044 CW 2026-07-25 1545 9A5D/P        599 0591 EU-016 G3BOY         599 0161 EU-005 0
QSO: 14024 CW 2026-07-25 1546 9A5D/P        599 0214 EU-016 IF9/IT9PPG    599 0078 EU-054 1
QSO: 28044 CW 2026-07-25 1547 9A5D/P        599 0593 EU-016 G7M           599 0211 EU-005 0
QSO: 28044 CW 2026-07-25 1548 9A5D/P        599 0595 EU-016 UW7EF         599 0041 ------ 0
QSO: 28044 CW 2026-07-25 1549 9A5D/P        599 0597 EU-016 PA2G          599 0278 EU-146 0
QSO: 28044 CW 2026-07-25 1549 9A5D/P        599 0599 EU-016 DJ2YA         599 0046 ------ 0
QSO: 21029 CW 2026-07-25 1550 9A5D/P        599 0216 EU-016 GM7V          599 0889 EU-010 1
QSO: 28044 CW 2026-07-25 1550 9A5D/P        599 0601 EU-016 HA8JV         599 0159 ------ 0
QSO: 14016 CW 2026-07-25 1550 9A5D/P        599 0218 EU-016 YB1CDA        599 0059 OC-021 1
QSO: 28044 CW 2026-07-25 1550 9A5D/P        599 0603 EU-016 PE1RDP        599 0017 ------ 0
QSO: 28044 CW 2026-07-25 1551 9A5D/P        599 0605 EU-016 DL7YS         599 0012 ------ 0
QSO: 28044 CW 2026-07-25 1551 9A5D/P        599 0607 EU-016 DF8V          599 0011 ------ 0
QSO: 28044 CW 2026-07-25 1551 9A5D/P        599 0609 EU-016 M8M           599 0035 EU-005 0
QSO: 21247 PH 2026-07-25 1552 9A5D/P        59  0220 EU-016 PC38EU        59  0272 EU-038 1
QSO: 14027 CW 2026-07-25 1552 9A5D/P        599 0222 EU-016 BD7YK         599 0168 AS-094 1
QSO: 28044 CW 2026-07-25 1552 9A5D/P        599 0611 EU-016 9A6A          599 0356 EU-016 0
QSO: 21020 CW 2026-07-25 1553 9A5D/P        599 0224 EU-016 DK1A          599 0370 EU-129 1
QSO: 28044 CW 2026-07-25 1553 9A5D/P        599 0613 EU-016 C4E           599 0324 AS-004 0
QSO: 28044 CW 2026-07-25 1554 9A5D/P        599 0615 EU-016 EI7M          599 1185 EU-115 0
QSO: 21287 PH 2026-07-25 1554 9A5D/P        59  0226 EU-016 DF0TX/P       59  0169 EU-127 1
QSO: 28044 CW 2026-07-25 1555 9A5D/P        599 0617 EU-016 9A/OM6NM      599 0323 EU-136 0
QSO: 21251 PH 2026-07-25 1555 9A5D/P        59  0228 EU-016 PE146U        59  0269 EU-146 1
QSO: 28044 CW 2026-07-25 1555 9A5D/P        599 0619 EU-016 PA0M          599 0035 ------ 0
QSO: 28044 CW 2026-07-25 1556 9A5D/P        599 0621 EU-016 PY1VOY        599 0014 ------ 0
QSO: 28044 CW 2026-07-25 1556 9A5D/P        599 0623 EU-016 M5M           599 0051 EU-005 0
QSO: 28044 CW 2026-07-25 1557 9A5D/P        599 0625 EU-016 MU5E          599 0227 EU-114 0
QSO: 28044 CW 2026-07-25 1557 9A5D/P        599 0627 EU-016 DL6KVA        599 0195 ------ 0
QSO: 28044 CW 2026-07-25 1558 9A5D/P        599 0629 EU-016 OK1FMJ        599 0025 ------ 0
QSO: 21019 CW 2026-07-25 1559 9A5D/P        599 0230 EU-016 EA6EJ         599 0057 EU-004 1
QSO: 28044 CW 2026-07-25 1559 9A5D/P        599 0631 EU-016 LU1HLH        599 0030 ------ 0
QSO: 28044 CW 2026-07-25 1559 9A5D/P        599 0633 EU-016 PC4E          599 0063 ------ 0
QSO: 14185 PH 2026-07-25 1600 9A5D/P        59  0232 EU-016 OY/G3WVG      59  0349 EU-018 1
QSO: 28044 CW 2026-07-25 1600 9A5D/P        599 0635 EU-016 UT4EK         599 0038 ------ 0
QSO: 28044 CW 2026-07-25 1600 9A5D/P        599 0637 EU-016 FY5KE         599 0193 ------ 0
QSO: 28038 CW 2026-07-25 1603 9A5D/P        599 0234 EU-016 ZD7BG         599 0002 AF-022 1
QSO: 21267 PH 2026-07-25 1603 9A5D/P        59  0639 EU-016 DB1BAC/P      59  0006 EU-047 0
QSO: 21267 PH 2026-07-25 1603 9A5D/P        59  0641 EU-016 UZ7C          59  0263 ------ 0
QSO: 21267 PH 2026-07-25 1604 9A5D/P        59  0643 EU-016 N5HC          59  0025 ------ 0
QSO: 21267 PH 2026-07-25 1604 9A5D/P        59  0645 EU-016 EE5SP         59  0022 ------ 0
QSO: 21267 PH 2026-07-25 1605 9A5D/P        59  0647 EU-016 G7M           59  0218 EU-005 0
QSO: 21267 PH 2026-07-25 1605 9A5D/P        59  0649 EU-016 TK5K          59  0670 EU-014 0
QSO: 21267 PH 2026-07-25 1605 9A5D/P        59  0651 EU-016 OZ/DG2ZJ      59  0025 ------ 0
QSO: 28019 CW 2026-07-25 1605 9A5D/P        599 0236 EU-016 GJ2A          599 0137 EU-013 1
QSO: 21267 PH 2026-07-25 1606 9A5D/P        59  0653 EU-016 OE1KSG        59  0007 ------ 0
QSO: 14004 CW 2026-07-25 1606 9A5D/P        599 0238 EU-016 V85NPV        599 0072 OC-088 1
QSO: 21267 PH 2026-07-25 1606 9A5D/P        59  0655 EU-016 DA1DX         59  0260 ------ 0
QSO: 28029 CW 2026-07-25 1606 9A5D/P        599 0240 EU-016 AG2J          599 0130 NA-111 1
QSO: 21267 PH 2026-07-25 1607 9A5D/P        59  0657 EU-016 OT6V          59  0059 ------ 0
QSO: 21267 PH 2026-07-25 1608 9A5D/P        59  0659 EU-016 N2NVH         59  0008 ------ 0
QSO: 21267 PH 2026-07-25 1608 9A5D/P        59  0661 EU-016 GM4AGG/P      59  0222 EU-123 0
QSO: 14025 CW 2026-07-25 1609 9A5D/P        599 0242 EU-016 E2X           599 0080 AS-125 1
QSO: 21267 PH 2026-07-25 1609 9A5D/P        59  0663 EU-016 IW0HLZ        59  0065 ------ 0
QSO: 21267 PH 2026-07-25 1609 9A5D/P        59  0665 EU-016 IZ2WFL        59  0062 ------ 0
QSO: 21267 PH 2026-07-25 1610 9A5D/P        59  0667 EU-016 IS0/IK5EKB    59  0033 EU-024 0
QSO: 21267 PH 2026-07-25 1610 9A5D/P        59  0669 EU-016 OK1TA         59  0124 ------ 0
QSO: 28406 PH 2026-07-25 1611 9A5D/P        59  0244 EU-016 EI7M          59  1250 EU-115 1
QSO: 21267 PH 2026-07-25 1611 9A5D/P        59  0671 EU-016 ES3YJ         59  0008 ------ 0
QSO: 21267 PH 2026-07-25 1612 9A5D/P        59  0673 EU-016 F4LJF         59  0159 ------ 0
QSO: 14038 CW 2026-07-25 1612 9A5D/P        599 0246 EU-016 IT9LKX        599 0016 EU-025 1
QSO: 21267 PH 2026-07-25 1612 9A5D/P        59  0675 EU-016 DK8ZZ         59  0129 ------ 0
QSO: 28007 CW 2026-07-25 1612 9A5D/P        599 0248 EU-016 TK5K          599 0429 EU-014 1
QSO: 21267 PH 2026-07-25 1612 9A5D/P        59  0677 EU-016 I2XYI         59  0004 ------ 0
QSO: 21267 PH 2026-07-25 1613 9A5D/P        59  0679 EU-016 DO9CZ         59  0011 ------ 0
QSO: 14005 CW 2026-07-25 1613 9A5D/P        599 0250 EU-016 IS0ZOD        599 0493 EU-024 1
QSO: 21267 PH 2026-07-25 1614 9A5D/P        59  0681 EU-016 GW0ARK        59  0003 EU-005 0
QSO: 21267 PH 2026-07-25 1616 9A5D/P        59  0683 EU-016 G6ANT/P       59  0239 EU-130 0
QSO: 21267 PH 2026-07-25 1617 9A5D/P        59  0685 EU-016 F4ICE         59  0011 ------ 0
QSO: 21267 PH 2026-07-25 1617 9A5D/P        59  0687 EU-016 M1T           59  0138 EU-005 0
QSO: 21267 PH 2026-07-25 1618 9A5D/P        59  0689 EU-016 M1N           59  0189 EU-005 0
QSO: 21267 PH 2026-07-25 1619 9A5D/P        59  0691 EU-016 DO1GMW        59  0216 ------ 0
QSO: 14029 CW 2026-07-25 1619 9A5D/P        599 0252 EU-016 IT9BLB/IH9    599 0188 AF-018 1
QSO: 21267 PH 2026-07-25 1620 9A5D/P        59  0693 EU-016 DJ3GE         59  0056 ------ 0
QSO: 14046 CW 2026-07-25 1620 9A5D/P        599 0254 EU-016 DF1LON/P      599 0026 EU-047 1